"powershell" "-NoProfile" "-ExecutionPolicy" "Bypass" "-File" "C:\Users\scott\soccer-video\tools\tsc_brand.ps1" "-In" "C:\Users\scott\soccer-video\out\upscaled\001__SHOT__t155.50-t166.40__x2.mp4" "-Out" "C:\Users\scott\soccer-video\out\portrait_reels\clean\001__SHOT__t155.50-t166.40_portrait_FINAL.mp4" "-Aspect" "9x16"
WARNING: Font file not found: \\..\\fonts\\Montserrat-ExtraBold.ttf (titles will render without text)
[brand] ffmpeg -hide_banner -y -i C:\Users\scott\soccer-video\out\upscaled\001__SHOT__t155.50-t166.40__x2.mp4 -i C:\Users\scott\soccer-video\brand\tsc\watermark_corner_256.png -filter_complex [0:v]scale=1080:1920:flags=lanczos,setsar=1,setpts=PTS-STARTPTS[base];[base][1:v]overlay=32:main_h-overlay_h-32:format=auto[ov1];[ov1]format=yuv420p[ov2] -map [ov2] -map 0:a? -c:v libx264 -profile:v high -pix_fmt yuv420p -b:v 20M -maxrate 20M -bufsize 40M -c:a aac -b:a 192k -ar 48000 -movflags +faststart C:\Users\scott\soccer-video\out\portrait_reels\clean\001__SHOT__t155.50-t166.40_portrait_FINAL.mp4

[mov,mp4,m4a,3gp,3g2,mj2 @ 000001d0158da440] moov atom not found
[in#0 @ 000001d0158da2c0] Error opening input: Invalid data found when processing input
Error opening input file C:\Users\scott\soccer-video\out\upscaled\001__SHOT__t155.50-t166.40__x2.mp4.
Error opening input files: Invalid data found when processing input
Branding pass failed
At C:\Users\scott\soccer-video\tools\tsc_brand.ps1:339 char:3
+   throw "Branding pass failed"
+   ~~~~~~~~~~~~~~~~~~~~~~~~~~~~
    + CategoryInfo          : OperationStopped: (Branding pass failed:String) [], RuntimeException
    + FullyQualifiedErrorId : Branding pass failed
 

ExitCode=1
"powershell" "-NoProfile" "-ExecutionPolicy" "Bypass" "-File" "C:\Users\scott\soccer-video\tools\tsc_brand.ps1" "-In" "C:\Users\scott\soccer-video\out\upscaled\001__SHOT__t155.50-t166.40.__CINEMATIC__x2.mp4" "-Out" "C:\Users\scott\soccer-video\out\portrait_reels\clean\001__SHOT__t155.50-t166.40.__CINEMATIC_portrait_FINAL.mp4" "-Aspect" "9x16"
WARNING: Font file not found: \\..\\fonts\\Montserrat-ExtraBold.ttf (titles will render without text)
[brand] ffmpeg -hide_banner -y -i C:\Users\scott\soccer-video\out\upscaled\001__SHOT__t155.50-t166.40.__CINEMATIC__x2.mp4 -i C:\Users\scott\soccer-video\brand\tsc\watermark_corner_256.png -filter_complex [0:v]scale=1080:1920:flags=lanczos,setsar=1,setpts=PTS-STARTPTS[base];[base][1:v]overlay=32:main_h-overlay_h-32:format=auto[ov1];[ov1]format=yuv420p[ov2] -map [ov2] -map 0:a? -c:v libx264 -profile:v high -pix_fmt yuv420p -b:v 20M -maxrate 20M -bufsize 40M -c:a aac -b:a 192k -ar 48000 -movflags +faststart C:\Users\scott\soccer-video\out\portrait_reels\clean\001__SHOT__t155.50-t166.40.__CINEMATIC_portrait_FINAL.mp4

[mov,mp4,m4a,3gp,3g2,mj2 @ 0000026d4fcba400] moov atom not found
[in#0 @ 0000026d4fca7840] Error opening input: Invalid data found when processing input
Error opening input file C:\Users\scott\soccer-video\out\upscaled\001__SHOT__t155.50-t166.40.__CINEMATIC__x2.mp4.
Error opening input files: Invalid data found when processing input
Branding pass failed
At C:\Users\scott\soccer-video\tools\tsc_brand.ps1:339 char:3
+   throw "Branding pass failed"
+   ~~~~~~~~~~~~~~~~~~~~~~~~~~~~
    + CategoryInfo          : OperationStopped: (Branding pass failed:String) [], RuntimeException
    + FullyQualifiedErrorId : Branding pass failed
 

ExitCode=1
"powershell" "-NoProfile" "-ExecutionPolicy" "Bypass" "-File" "C:\Users\scott\soccer-video\tools\tsc_brand.ps1" "-In" "C:\Users\scott\soccer-video\out\atomic_clips\_quarantine\002__GOAL__t180.80-t191.20.__CINEMATIC.mp4" "-Out" "C:\Users\scott\soccer-video\out\portrait_reels\clean\002__GOAL__t180.80-t191.20.__CINEMATIC_portrait_FINAL.mp4" "-Aspect" "9x16"
[SKIP] up-to-date
"powershell" "-NoProfile" "-ExecutionPolicy" "Bypass" "-File" "C:\Users\scott\soccer-video\tools\tsc_brand.ps1" "-In" "C:\Users\scott\soccer-video\out\atomic_clips\_quarantine\003__2025-09-20__TSC_vs_Greenwood__BUILD_UP_PLAY_SHOT__t25260.00-t26460.00.mp4" "-Out" "C:\Users\scott\soccer-video\out\portrait_reels\clean\003__2025-09-20__TSC_vs_Greenwood__BUILD_UP_PLAY_SHOT__t25260.00-t26460.00_portrait_FINAL.mp4" "-Aspect" "9x16"
[SKIP] up-to-date
"powershell" "-NoProfile" "-ExecutionPolicy" "Bypass" "-File" "C:\Users\scott\soccer-video\tools\tsc_brand.ps1" "-In" "C:\Users\scott\soccer-video\out\atomic_clips\_quarantine\003__2025-09-20__TSC_vs_RVFC__PRESSURE_SHOT__t15480.00-t16260.00.mp4" "-Out" "C:\Users\scott\soccer-video\out\portrait_reels\clean\003__2025-09-20__TSC_vs_RVFC__PRESSURE_SHOT__t15480.00-t16260.00_portrait_FINAL.mp4" "-Aspect" "9x16"
[SKIP] up-to-date
"powershell" "-NoProfile" "-ExecutionPolicy" "Bypass" "-File" "C:\Users\scott\soccer-video\tools\tsc_brand.ps1" "-In" "C:\Users\scott\soccer-video\out\atomic_clips\_quarantine\003__2025-10-04__TSC_vs_FC_Tulsa_Black__BUILD_UP__t27480.00-t29220.00.mp4" "-Out" "C:\Users\scott\soccer-video\out\portrait_reels\clean\003__2025-10-04__TSC_vs_FC_Tulsa_Black__BUILD_UP__t27480.00-t29220.00_portrait_FINAL.mp4" "-Aspect" "9x16"
[SKIP] up-to-date
"powershell" "-NoProfile" "-ExecutionPolicy" "Bypass" "-File" "C:\Users\scott\soccer-video\tools\tsc_brand.ps1" "-In" "C:\Users\scott\soccer-video\out\atomic_clips\_quarantine\003__BUILD_UP__t224.80-t248.70.mp4" "-Out" "C:\Users\scott\soccer-video\out\portrait_reels\clean\003__BUILD_UP__t224.80-t248.70_portrait_FINAL.mp4" "-Aspect" "9x16"
[SKIP] up-to-date
"powershell" "-NoProfile" "-ExecutionPolicy" "Bypass" "-File" "C:\Users\scott\soccer-video\tools\tsc_brand.ps1" "-In" "C:\Users\scott\soccer-video\out\atomic_clips\_quarantine\003__BUILD_UP__t224.80-t248.70.__CINEMATIC.mp4" "-Out" "C:\Users\scott\soccer-video\out\portrait_reels\clean\003__BUILD_UP__t224.80-t248.70.__CINEMATIC_portrait_FINAL.mp4" "-Aspect" "9x16"
[SKIP] up-to-date
"powershell" "-NoProfile" "-ExecutionPolicy" "Bypass" "-File" "C:\Users\scott\soccer-video\tools\tsc_brand.ps1" "-In" "C:\Users\scott\soccer-video\out\atomic_clips\_quarantine\004__2025-09-20__TSC_vs_Greenwood__PRESSURE_TWO_SHOTS__t26640.00-t27360.00.mp4" "-Out" "C:\Users\scott\soccer-video\out\portrait_reels\clean\004__2025-09-20__TSC_vs_Greenwood__PRESSURE_TWO_SHOTS__t26640.00-t27360.00_portrait_FINAL.mp4" "-Aspect" "9x16"
WARNING: Font file not found: \\..\\fonts\\Montserrat-ExtraBold.ttf (titles will render without text)
[brand] ffmpeg -hide_banner -y -i C:\Users\scott\soccer-video\out\atomic_clips\_quarantine\004__2025-09-20__TSC_vs_Greenwood__PRESSURE_TWO_SHOTS__t26640.00-t27360.00.mp4 -i C:\Users\scott\soccer-video\brand\tsc\watermark_corner_256.png -filter_complex [0:v]scale=1080:1920:flags=lanczos,setsar=1,setpts=PTS-STARTPTS[base];[base][1:v]overlay=32:main_h-overlay_h-32:format=auto[ov1];[ov1]format=yuv420p[ov2] -map [ov2] -map 0:a? -c:v libx264 -profile:v high -pix_fmt yuv420p -b:v 20M -maxrate 20M -bufsize 40M -c:a aac -b:a 192k -ar 48000 -movflags +faststart C:\Users\scott\soccer-video\out\portrait_reels\clean\004__2025-09-20__TSC_vs_Greenwood__PRESSURE_TWO_SHOTS__t26640.00-t27360.00_portrait_FINAL.mp4
[brand] Created C:\Users\scott\soccer-video\out\portrait_reels\clean\004__2025-09-20__TSC_vs_Greenwood__PRESSURE_TWO_SHOTS__t26640.00-t27360.00_portrait_FINAL.mp4

Input #0, mov,mp4,m4a,3gp,3g2,mj2, from 'C:\Users\scott\soccer-video\out\atomic_clips\_quarantine\004__2025-09-20__TSC_vs_Greenwood__PRESSURE_TWO_SHOTS__t26640.00-t27360.00.mp4':
  Metadata:
    major_brand     : isom
    minor_version   : 512
    compatible_brands: isomiso2avc1mp41
    encoder         : Lavf62.3.100
  Duration: 00:00:01.27, start: 0.000000, bitrate: 19084 kb/s
  Stream #0:0[0x1](und): Video: h264 (High) (avc1 / 0x31637661), yuv420p(tv, bt709, progressive), 1920x1080, 20043 kb/s, 30 fps, 30 tbr, 15360 tbn (default)
    Metadata:
      handler_name    : Core Media Video
      vendor_id       : [0][0][0][0]
      encoder         : Lavc62.11.100 libx264
  Stream #0:1[0x2](und): Audio: aac (LC) (mp4a / 0x6134706D), 44100 Hz, stereo, fltp, 191 kb/s (default)
    Metadata:
      handler_name    : Core Media Audio
      vendor_id       : [0][0][0][0]
Input #1, png_pipe, from 'C:\Users\scott\soccer-video\brand\tsc\watermark_corner_256.png':
  Duration: N/A, bitrate: N/A
  Stream #1:0: Video: png, rgba(pc, gbr/unknown/unknown), 235x276, 25 fps, 25 tbr, 25 tbn
Stream mapping:
  Stream #0:0 (h264) -> scale:default
  Stream #1:0 (png) -> overlay
  format:default -> Stream #0:0 (libx264)
  Stream #0:1 -> #0:1 (aac (native) -> aac (native))
Press [q] to stop, [?] for help
[af#0:1 @ 0000024bd1f48cc0] No filtered frames for output stream, trying to initialize anyway.
[fc#0 @ 0000024bd1f36700] [vo0->#0:0 @ 0000024bd1f4b3c0] No filtered frames for output stream, trying to initialize anyway.
[libx264 @ 0000024bd1f9c3c0] using SAR=1/1
[libx264 @ 0000024bd1f9c3c0] using cpu capabilities: MMX2 SSE2Fast SSSE3 SSE4.2 AVX FMA3 BMI2 AVX2
[libx264 @ 0000024bd1f9c3c0] profile High, level 4.1, 4:2:0, 8-bit
[libx264 @ 0000024bd1f9c3c0] 264 - core 165 r3222 b35605a - H.264/MPEG-4 AVC codec - Copyleft 2003-2025 - http://www.videolan.org/x264.html - options: cabac=1 ref=3 deblock=1:0:0 analyse=0x3:0x113 me=hex subme=7 psy=1 psy_rd=1.00:0.00 mixed_ref=1 me_range=16 chroma_me=1 trellis=1 8x8dct=1 cqm=0 deadzone=21,11 fast_pskip=1 chroma_qp_offset=-2 threads=18 lookahead_threads=3 sliced_threads=0 nr=0 decimate=1 interlaced=0 bluray_compat=0 constrained_intra=0 bframes=3 b_pyramid=2 b_adapt=1 b_bias=0 direct=1 weightb=1 open_gop=0 weightp=2 keyint=250 keyint_min=25 scenecut=40 intra_refresh=0 rc_lookahead=40 rc=cbr mbtree=1 bitrate=20000 ratetol=1.0 qcomp=0.60 qpmin=0 qpmax=69 qpstep=4 vbv_maxrate=20000 vbv_bufsize=40000 nal_hrd=none filler=0 ip_ratio=1.40 aq=1:1.00
Output #0, mp4, to 'C:\Users\scott\soccer-video\out\portrait_reels\clean\004__2025-09-20__TSC_vs_Greenwood__PRESSURE_TWO_SHOTS__t26640.00-t27360.00_portrait_FINAL.mp4':
  Metadata:
    major_brand     : isom
    minor_version   : 512
    compatible_brands: isomiso2avc1mp41
    encoder         : Lavf62.3.100
  Stream #0:0: Video: h264 (avc1 / 0x31637661), yuv420p(progressive), 1080x1920 [SAR 1:1 DAR 9:16], q=2-31, 20000 kb/s, 30 fps, 15360 tbn
    Metadata:
      encoder         : Lavc62.11.100 libx264
    Side data:
      cpb: bitrate max/min/avg: 20000000/0/20000000 buffer size: 40000000 vbv_delay: N/A
  Stream #0:1(und): Audio: aac (LC) (mp4a / 0x6134706D), 48000 Hz, stereo, fltp, 192 kb/s (default)
    Metadata:
      encoder         : Lavc62.11.100 aac
      handler_name    : Core Media Audio
      vendor_id       : [0][0][0][0]
[mp4 @ 0000024bd1f3f840] Starting second pass: moving the moov atom to the beginning of the file
[out#0/mp4 @ 0000024bd1f3ec00] video:0KiB audio:0KiB subtitle:0KiB other streams:0KiB global headers:0KiB muxing overhead: unknown
[out#0/mp4 @ 0000024bd1f3ec00] Output file is empty, nothing was encoded(check -ss / -t / -frames parameters if used)
frame=    0 fps=0.0 q=0.0 Lsize=       0KiB time=N/A bitrate=N/A speed=N/A elapsed=0:00:00.10    
[aac @ 0000024bd1f9d700] Qavg: nan

"powershell" "-NoProfile" "-ExecutionPolicy" "Bypass" "-File" "C:\Users\scott\soccer-video\tools\tsc_brand.ps1" "-In" "C:\Users\scott\soccer-video\out\atomic_clips\_quarantine\004__2025-09-20__TSC_vs_RVFC__PRESSURE_GOAL__t17880.00-t18720.00.mp4" "-Out" "C:\Users\scott\soccer-video\out\portrait_reels\clean\004__2025-09-20__TSC_vs_RVFC__PRESSURE_GOAL__t17880.00-t18720.00_portrait_FINAL.mp4" "-Aspect" "9x16"
WARNING: Font file not found: \\..\\fonts\\Montserrat-ExtraBold.ttf (titles will render without text)
[brand] ffmpeg -hide_banner -y -i C:\Users\scott\soccer-video\out\atomic_clips\_quarantine\004__2025-09-20__TSC_vs_RVFC__PRESSURE_GOAL__t17880.00-t18720.00.mp4 -i C:\Users\scott\soccer-video\brand\tsc\watermark_corner_256.png -filter_complex [0:v]scale=1080:1920:flags=lanczos,setsar=1,setpts=PTS-STARTPTS[base];[base][1:v]overlay=32:main_h-overlay_h-32:format=auto[ov1];[ov1]format=yuv420p[ov2] -map [ov2] -map 0:a? -c:v libx264 -profile:v high -pix_fmt yuv420p -b:v 20M -maxrate 20M -bufsize 40M -c:a aac -b:a 192k -ar 48000 -movflags +faststart C:\Users\scott\soccer-video\out\portrait_reels\clean\004__2025-09-20__TSC_vs_RVFC__PRESSURE_GOAL__t17880.00-t18720.00_portrait_FINAL.mp4
[brand] Created C:\Users\scott\soccer-video\out\portrait_reels\clean\004__2025-09-20__TSC_vs_RVFC__PRESSURE_GOAL__t17880.00-t18720.00_portrait_FINAL.mp4

Input #0, mov,mp4,m4a,3gp,3g2,mj2, from 'C:\Users\scott\soccer-video\out\atomic_clips\_quarantine\004__2025-09-20__TSC_vs_RVFC__PRESSURE_GOAL__t17880.00-t18720.00.mp4':
  Metadata:
    major_brand     : isom
    minor_version   : 512
    compatible_brands: isomiso2avc1mp41
    encoder         : Lavf62.3.100
  Duration: 00:00:00.79, start: 0.000000, bitrate: 8811 kb/s
  Stream #0:0[0x1](und): Video: h264 (High) (avc1 / 0x31637661), yuv420p(tv, bt709, progressive), 1920x1080, 10147 kb/s, 30 fps, 30 tbr, 15360 tbn (default)
    Metadata:
      handler_name    : Core Media Video
      vendor_id       : [0][0][0][0]
      encoder         : Lavc62.11.100 libx264
  Stream #0:1[0x2](und): Audio: aac (LC) (mp4a / 0x6134706D), 44100 Hz, stereo, fltp, 188 kb/s (default)
    Metadata:
      handler_name    : Core Media Audio
      vendor_id       : [0][0][0][0]
Input #1, png_pipe, from 'C:\Users\scott\soccer-video\brand\tsc\watermark_corner_256.png':
  Duration: N/A, bitrate: N/A
  Stream #1:0: Video: png, rgba(pc, gbr/unknown/unknown), 235x276, 25 fps, 25 tbr, 25 tbn
Stream mapping:
  Stream #0:0 (h264) -> scale:default
  Stream #1:0 (png) -> overlay
  format:default -> Stream #0:0 (libx264)
  Stream #0:1 -> #0:1 (aac (native) -> aac (native))
Press [q] to stop, [?] for help
[af#0:1 @ 0000027b4022e800] No filtered frames for output stream, trying to initialize anyway.
[fc#0 @ 0000027b40206700] [vo0->#0:0 @ 0000027b4021b340] No filtered frames for output stream, trying to initialize anyway.
[libx264 @ 0000027b40919040] using SAR=1/1
[libx264 @ 0000027b40919040] using cpu capabilities: MMX2 SSE2Fast SSSE3 SSE4.2 AVX FMA3 BMI2 AVX2
[libx264 @ 0000027b40919040] profile High, level 4.1, 4:2:0, 8-bit
[libx264 @ 0000027b40919040] 264 - core 165 r3222 b35605a - H.264/MPEG-4 AVC codec - Copyleft 2003-2025 - http://www.videolan.org/x264.html - options: cabac=1 ref=3 deblock=1:0:0 analyse=0x3:0x113 me=hex subme=7 psy=1 psy_rd=1.00:0.00 mixed_ref=1 me_range=16 chroma_me=1 trellis=1 8x8dct=1 cqm=0 deadzone=21,11 fast_pskip=1 chroma_qp_offset=-2 threads=18 lookahead_threads=3 sliced_threads=0 nr=0 decimate=1 interlaced=0 bluray_compat=0 constrained_intra=0 bframes=3 b_pyramid=2 b_adapt=1 b_bias=0 direct=1 weightb=1 open_gop=0 weightp=2 keyint=250 keyint_min=25 scenecut=40 intra_refresh=0 rc_lookahead=40 rc=cbr mbtree=1 bitrate=20000 ratetol=1.0 qcomp=0.60 qpmin=0 qpmax=69 qpstep=4 vbv_maxrate=20000 vbv_bufsize=40000 nal_hrd=none filler=0 ip_ratio=1.40 aq=1:1.00
Output #0, mp4, to 'C:\Users\scott\soccer-video\out\portrait_reels\clean\004__2025-09-20__TSC_vs_RVFC__PRESSURE_GOAL__t17880.00-t18720.00_portrait_FINAL.mp4':
  Metadata:
    major_brand     : isom
    minor_version   : 512
    compatible_brands: isomiso2avc1mp41
    encoder         : Lavf62.3.100
  Stream #0:0: Video: h264 (avc1 / 0x31637661), yuv420p(progressive), 1080x1920 [SAR 1:1 DAR 9:16], q=2-31, 20000 kb/s, 30 fps, 15360 tbn
    Metadata:
      encoder         : Lavc62.11.100 libx264
    Side data:
      cpb: bitrate max/min/avg: 20000000/0/20000000 buffer size: 40000000 vbv_delay: N/A
  Stream #0:1(und): Audio: aac (LC) (mp4a / 0x6134706D), 48000 Hz, stereo, fltp, 192 kb/s (default)
    Metadata:
      encoder         : Lavc62.11.100 aac
      handler_name    : Core Media Audio
      vendor_id       : [0][0][0][0]
[mp4 @ 0000027b407e0a40] Starting second pass: moving the moov atom to the beginning of the file
[out#0/mp4 @ 0000027b407e0940] video:0KiB audio:0KiB subtitle:0KiB other streams:0KiB global headers:0KiB muxing overhead: unknown
[out#0/mp4 @ 0000027b407e0940] Output file is empty, nothing was encoded(check -ss / -t / -frames parameters if used)
frame=    0 fps=0.0 q=0.0 Lsize=       0KiB time=N/A bitrate=N/A speed=N/A elapsed=0:00:00.05    
[aac @ 0000027b40a18040] Qavg: nan

"powershell" "-NoProfile" "-ExecutionPolicy" "Bypass" "-File" "C:\Users\scott\soccer-video\tools\tsc_brand.ps1" "-In" "C:\Users\scott\soccer-video\out\atomic_clips\_quarantine\004__2025-10-04__TSC_vs_FC_Tulsa_Black__BUILD_UP__t29700.00-t30780.00.mp4" "-Out" "C:\Users\scott\soccer-video\out\portrait_reels\clean\004__2025-10-04__TSC_vs_FC_Tulsa_Black__BUILD_UP__t29700.00-t30780.00_portrait_FINAL.mp4" "-Aspect" "9x16"
WARNING: Font file not found: \\..\\fonts\\Montserrat-ExtraBold.ttf (titles will render without text)
[brand] ffmpeg -hide_banner -y -i C:\Users\scott\soccer-video\out\atomic_clips\_quarantine\004__2025-10-04__TSC_vs_FC_Tulsa_Black__BUILD_UP__t29700.00-t30780.00.mp4 -i C:\Users\scott\soccer-video\brand\tsc\watermark_corner_256.png -filter_complex [0:v]scale=1080:1920:flags=lanczos,setsar=1,setpts=PTS-STARTPTS[base];[base][1:v]overlay=32:main_h-overlay_h-32:format=auto[ov1];[ov1]format=yuv420p[ov2] -map [ov2] -map 0:a? -c:v libx264 -profile:v high -pix_fmt yuv420p -b:v 20M -maxrate 20M -bufsize 40M -c:a aac -b:a 192k -ar 48000 -movflags +faststart C:\Users\scott\soccer-video\out\portrait_reels\clean\004__2025-10-04__TSC_vs_FC_Tulsa_Black__BUILD_UP__t29700.00-t30780.00_portrait_FINAL.mp4
[brand] Created C:\Users\scott\soccer-video\out\portrait_reels\clean\004__2025-10-04__TSC_vs_FC_Tulsa_Black__BUILD_UP__t29700.00-t30780.00_portrait_FINAL.mp4

Input #0, mov,mp4,m4a,3gp,3g2,mj2, from 'C:\Users\scott\soccer-video\out\atomic_clips\_quarantine\004__2025-10-04__TSC_vs_FC_Tulsa_Black__BUILD_UP__t29700.00-t30780.00.mp4':
  Metadata:
    major_brand     : isom
    minor_version   : 512
    compatible_brands: isomiso2avc1mp41
    encoder         : Lavf62.3.100
  Duration: 00:00:01.18, start: 0.000000, bitrate: 17849 kb/s
  Stream #0:0[0x1](und): Video: h264 (High) (avc1 / 0x31637661), yuv420p(tv, bt709, progressive), 1920x1080, 18384 kb/s, 30 fps, 30 tbr, 15360 tbn (default)
    Metadata:
      handler_name    : Core Media Video
      vendor_id       : [0][0][0][0]
      encoder         : Lavc62.11.100 libx264
  Stream #0:1[0x2](und): Audio: aac (LC) (mp4a / 0x6134706D), 44100 Hz, stereo, fltp, 194 kb/s (default)
    Metadata:
      handler_name    : Core Media Audio
      vendor_id       : [0][0][0][0]
Input #1, png_pipe, from 'C:\Users\scott\soccer-video\brand\tsc\watermark_corner_256.png':
  Duration: N/A, bitrate: N/A
  Stream #1:0: Video: png, rgba(pc, gbr/unknown/unknown), 235x276, 25 fps, 25 tbr, 25 tbn
Stream mapping:
  Stream #0:0 (h264) -> scale:default
  Stream #1:0 (png) -> overlay
  format:default -> Stream #0:0 (libx264)
  Stream #0:1 -> #0:1 (aac (native) -> aac (native))
Press [q] to stop, [?] for help
[af#0:1 @ 00000144db1c7240] No filtered frames for output stream, trying to initialize anyway.
[fc#0 @ 00000144db1b6700] [vo0->#0:0 @ 00000144db1cb340] No filtered frames for output stream, trying to initialize anyway.
[libx264 @ 00000144dbf49ac0] using SAR=1/1
[libx264 @ 00000144dbf49ac0] using cpu capabilities: MMX2 SSE2Fast SSSE3 SSE4.2 AVX FMA3 BMI2 AVX2
[libx264 @ 00000144dbf49ac0] profile High, level 4.1, 4:2:0, 8-bit
[libx264 @ 00000144dbf49ac0] 264 - core 165 r3222 b35605a - H.264/MPEG-4 AVC codec - Copyleft 2003-2025 - http://www.videolan.org/x264.html - options: cabac=1 ref=3 deblock=1:0:0 analyse=0x3:0x113 me=hex subme=7 psy=1 psy_rd=1.00:0.00 mixed_ref=1 me_range=16 chroma_me=1 trellis=1 8x8dct=1 cqm=0 deadzone=21,11 fast_pskip=1 chroma_qp_offset=-2 threads=18 lookahead_threads=3 sliced_threads=0 nr=0 decimate=1 interlaced=0 bluray_compat=0 constrained_intra=0 bframes=3 b_pyramid=2 b_adapt=1 b_bias=0 direct=1 weightb=1 open_gop=0 weightp=2 keyint=250 keyint_min=25 scenecut=40 intra_refresh=0 rc_lookahead=40 rc=cbr mbtree=1 bitrate=20000 ratetol=1.0 qcomp=0.60 qpmin=0 qpmax=69 qpstep=4 vbv_maxrate=20000 vbv_bufsize=40000 nal_hrd=none filler=0 ip_ratio=1.40 aq=1:1.00
Output #0, mp4, to 'C:\Users\scott\soccer-video\out\portrait_reels\clean\004__2025-10-04__TSC_vs_FC_Tulsa_Black__BUILD_UP__t29700.00-t30780.00_portrait_FINAL.mp4':
  Metadata:
    major_brand     : isom
    minor_version   : 512
    compatible_brands: isomiso2avc1mp41
    encoder         : Lavf62.3.100
  Stream #0:0: Video: h264 (avc1 / 0x31637661), yuv420p(progressive), 1080x1920 [SAR 1:1 DAR 9:16], q=2-31, 20000 kb/s, 30 fps, 15360 tbn
    Metadata:
      encoder         : Lavc62.11.100 libx264
    Side data:
      cpb: bitrate max/min/avg: 20000000/0/20000000 buffer size: 40000000 vbv_delay: N/A
  Stream #0:1(und): Audio: aac (LC) (mp4a / 0x6134706D), 48000 Hz, stereo, fltp, 192 kb/s (default)
    Metadata:
      encoder         : Lavc62.11.100 aac
      handler_name    : Core Media Audio
      vendor_id       : [0][0][0][0]
[mp4 @ 00000144dbf482c0] Starting second pass: moving the moov atom to the beginning of the file
[out#0/mp4 @ 00000144db880d00] video:0KiB audio:0KiB subtitle:0KiB other streams:0KiB global headers:0KiB muxing overhead: unknown
[out#0/mp4 @ 00000144db880d00] Output file is empty, nothing was encoded(check -ss / -t / -frames parameters if used)
frame=    0 fps=0.0 q=0.0 Lsize=       0KiB time=N/A bitrate=N/A speed=N/A elapsed=0:00:00.10    
[aac @ 00000144db1c4080] Qavg: nan

"powershell" "-NoProfile" "-ExecutionPolicy" "Bypass" "-File" "C:\Users\scott\soccer-video\tools\tsc_brand.ps1" "-In" "C:\Users\scott\soccer-video\out\atomic_clips\_quarantine\004__GOAL__t266.50-t283.10.mp4" "-Out" "C:\Users\scott\soccer-video\out\portrait_reels\clean\004__GOAL__t266.50-t283.10_portrait_FINAL.mp4" "-Aspect" "9x16"
WARNING: Font file not found: \\..\\fonts\\Montserrat-ExtraBold.ttf (titles will render without text)
[brand] ffmpeg -hide_banner -y -i C:\Users\scott\soccer-video\out\atomic_clips\_quarantine\003__BUILD_UP__t224.80-t248.70.__CINEMATIC.mp4 -i C:\Users\scott\soccer-video\brand\tsc\watermark_corner_256.png -filter_complex [0:v]scale=1080:1920:flags=lanczos,setsar=1,setpts=PTS-STARTPTS[base];[base][1:v]overlay=32:main_h-overlay_h-32:format=auto[ov1];[ov1]format=yuv420p[ov2] -map [ov2] -map 0:a? -c:v libx264 -profile:v high -pix_fmt yuv420p -b:v 20M -maxrate 20M -bufsize 40M -c:a aac -b:a 192k -ar 48000 -movflags +faststart C:\Users\scott\soccer-video\out\portrait_reels\clean\003__BUILD_UP__t224.80-t248.70.__CINEMATIC_portrait_FINAL.mp4

Input #0, mov,mp4,m4a,3gp,3g2,mj2, from 'C:\Users\scott\soccer-video\out\atomic_clips\_quarantine\003__BUILD_UP__t224.80-t248.70.__CINEMATIC.mp4':
  Metadata:
    major_brand     : isom
    minor_version   : 512
    compatible_brands: isomiso2avc1mp41
    encoder         : Lavf62.3.100
  Duration: 00:00:33.88, start: 0.000000, bitrate: 7793 kb/s
  Stream #0:0[0x1](und): Video: h264 (High) (avc1 / 0x31637661), yuvj420p(pc, bt470bg/unknown/unknown, progressive), 1080x1920 [SAR 1:1 DAR 9:16], 7661 kb/s, 24 fps, 24 tbr, 12288 tbn (default)
    Metadata:
      handler_name    : VideoHandler
      vendor_id       : [0][0][0][0]
      encoder         : Lavc62.11.100 libx264
  Stream #0:1[0x2](und): Audio: aac (LC) (mp4a / 0x6134706D), 48000 Hz, stereo, fltp, 127 kb/s (default)
    Metadata:
      handler_name    : Core Media Audio
      vendor_id       : [0][0][0][0]
Input #1, png_pipe, from 'C:\Users\scott\soccer-video\brand\tsc\watermark_corner_256.png':
  Duration: N/A, bitrate: N/A
  Stream #1:0: Video: png, rgba(pc, gbr/unknown/unknown), 235x276, 25 fps, 25 tbr, 25 tbn
Stream mapping:
  Stream #0:0 (h264) -> scale:default
  Stream #1:0 (png) -> overlay
  format:default -> Stream #0:0 (libx264)
  Stream #0:1 -> #0:1 (aac (native) -> aac (native))
Press [q] to stop, [?] for help
[swscaler @ 000001f567332b00] deprecated pixel format used, make sure you did set range correctly
[libx264 @ 000001f56582abc0] using SAR=1/1
[libx264 @ 000001f56582abc0] using cpu capabilities: MMX2 SSE2Fast SSSE3 SSE4.2 AVX FMA3 BMI2 AVX2
[libx264 @ 000001f56582abc0] profile High, level 4.1, 4:2:0, 8-bit
[libx264 @ 000001f56582abc0] 264 - core 165 r3222 b35605a - H.264/MPEG-4 AVC codec - Copyleft 2003-2025 - http://www.videolan.org/x264.html - options: cabac=1 ref=3 deblock=1:0:0 analyse=0x3:0x113 me=hex subme=7 psy=1 psy_rd=1.00:0.00 mixed_ref=1 me_range=16 chroma_me=1 trellis=1 8x8dct=1 cqm=0 deadzone=21,11 fast_pskip=1 chroma_qp_offset=-2 threads=18 lookahead_threads=3 sliced_threads=0 nr=0 decimate=1 interlaced=0 bluray_compat=0 constrained_intra=0 bframes=3 b_pyramid=2 b_adapt=1 b_bias=0 direct=1 weightb=1 open_gop=0 weightp=2 keyint=250 keyint_min=24 scenecut=40 intra_refresh=0 rc_lookahead=40 rc=cbr mbtree=1 bitrate=20000 ratetol=1.0 qcomp=0.60 qpmin=0 qpmax=69 qpstep=4 vbv_maxrate=20000 vbv_bufsize=40000 nal_hrd=none filler=0 ip_ratio=1.40 aq=1:1.00
Output #0, mp4, to 'C:\Users\scott\soccer-video\out\portrait_reels\clean\003__BUILD_UP__t224.80-t248.70.__CINEMATIC_portrait_FINAL.mp4':
  Metadata:
    major_brand     : isom
    minor_version   : 512
    compatible_brands: isomiso2avc1mp41
    encoder         : Lavf62.3.100
  Stream #0:0: Video: h264 (avc1 / 0x31637661), yuv420p(pc, bt470bg/unknown/unknown, progressive), 1080x1920 [SAR 1:1 DAR 9:16], q=2-31, 20000 kb/s, 24 fps, 12288 tbn
    Metadata:
      encoder         : Lavc62.11.100 libx264
    Side data:
      cpb: bitrate max/min/avg: 20000000/0/20000000 buffer size: 40000000 vbv_delay: N/A
  Stream #0:1(und): Audio: aac (LC) (mp4a / 0x6134706D), 48000 Hz, stereo, fltp, 192 kb/s (default)
    Metadata:
      encoder         : Lavc62.11.100 aac
      handler_name    : Core Media Audio
      vendor_id       : [0][0][0][0]
frame=    0 fps=0.0 q=0.0 size=       0KiB time=N/A bitrate=N/A speed=N/A elapsed=0:00:00.51    frame=    0 fps=0.0 q=0.0 size=       0KiB time=N/A bitrate=N/A speed=N/A elapsed=0:00:01.04    frame=   19 fps= 12 q=14.0 size=    1536KiB time=00:00:00.70 bitrate=17764.7kbits/s speed=0.454x elapsed=0:00:01.56    frame=   37 fps= 18 q=13.0 size=    3072KiB time=00:00:01.45 bitrate=17256.8kbits/s speed=0.695x elapsed=0:00:02.09    frame=   56 fps= 21 q=13.0 size=    4864KiB time=00:00:02.25 bitrate=17709.5kbits/s speed=0.863x elapsed=0:00:02.60    frame=   79 fps= 25 q=15.0 size=    6656KiB time=00:00:03.20 bitrate=16995.2kbits/s speed=1.02x elapsed=0:00:03.15    frame=   96 fps= 26 q=14.0 size=    8448KiB time=00:00:03.91 bitrate=17669.7kbits/s speed=1.06x elapsed=0:00:03.68    
