"powershell" "-NoProfile" "-ExecutionPolicy" "Bypass" "-File" "C:\Users\scott\soccer-video\tools\tsc_brand.ps1" "-In" "C:\Users\scott\soccer-video\out\autoframe_work\cinematic\001__2025-09-20__TSC_vs_Greenwood__BUILD_UP_PLAY_SHOT__t18900.00-t20340.00.__CINEMATIC\follow\stabilized.mp4" "-Out" "C:\Users\scott\soccer-video\out\portrait_reels\clean\001__2025-09-20__TSC_vs_Greenwood__BUILD_UP_PLAY_SHOT__t18900.00-t20340.00.__CINEMATIC_portrait_FINAL.mp4" "-Aspect" "9x16"
Input video not found: C:\Users\scott\soccer-video\out\autoframe_work\cinematic\001__2025-09-20__TSC_vs_Greenwood__
BUILD_UP_PLAY_SHOT__t18900.00-t20340.00.__CINEMATIC\follow\stabilized.mp4
At C:\Users\scott\soccer-video\tools\tsc_brand.ps1:120 char:3
+   throw "Input video not found: $In"
+   ~~~~~~~~~~~~~~~~~~~~~~~~~~~~~~~~~~
    + CategoryInfo          : OperationStopped: (Input video not...\stabilized.mp4:String) [], RuntimeException
    + FullyQualifiedErrorId : Input video not found: C:\Users\scott\soccer-video\out\autoframe_work\cinematic\001_ 
   _2025-09-20__TSC_vs_Greenwood__BUILD_UP_PLAY_SHOT__t18900.00-t20340.00.__CINEMATIC\follow\stabilized.mp4
 

ExitCode=1
"powershell" "-NoProfile" "-ExecutionPolicy" "Bypass" "-File" "C:\Users\scott\soccer-video\tools\tsc_brand.ps1" "-In" "C:\Users\scott\soccer-video\out\autoframe_work\cinematic\001__2025-09-20__TSC_vs_Greenwood__BUILD_UP_PLAY_SHOT__t18900.00-t20340.00.__CINEMATIC.__CINEMATIC\follow\stabilized.mp4" "-Out" "C:\Users\scott\soccer-video\out\portrait_reels\clean\001__2025-09-20__TSC_vs_Greenwood__BUILD_UP_PLAY_SHOT__t18900.00-t20340.00.__CINEMATIC.__CINEMATIC_portrait_FINAL.mp4" "-Aspect" "9x16"
Input video not found: C:\Users\scott\soccer-video\out\autoframe_work\cinematic\001__2025-09-20__TSC_vs_Greenwood__
BUILD_UP_PLAY_SHOT__t18900.00-t20340.00.__CINEMATIC.__CINEMATIC\follow\stabilized.mp4
At C:\Users\scott\soccer-video\tools\tsc_brand.ps1:120 char:3
+   throw "Input video not found: $In"
+   ~~~~~~~~~~~~~~~~~~~~~~~~~~~~~~~~~~
    + CategoryInfo          : OperationStopped: (Input video not...\stabilized.mp4:String) [], RuntimeException
    + FullyQualifiedErrorId : Input video not found: C:\Users\scott\soccer-video\out\autoframe_work\cinematic\001_ 
   _2025-09-20__TSC_vs_Greenwood__BUILD_UP_PLAY_SHOT__t18900.00-t20340.00.__CINEMATIC.__CINEMATIC\follow\stabiliz  
  ed.mp4
 

ExitCode=1
"powershell" "-NoProfile" "-ExecutionPolicy" "Bypass" "-File" "C:\Users\scott\soccer-video\tools\tsc_brand.ps1" "-In" "C:\Users\scott\soccer-video\out\autoframe_work\cinematic\001__2025-09-20__TSC_vs_RVFC__SHOT__t7320.00-t7860.00.__CINEMATIC\follow\stabilized.mp4" "-Out" "C:\Users\scott\soccer-video\out\portrait_reels\clean\001__2025-09-20__TSC_vs_RVFC__SHOT__t7320.00-t7860.00.__CINEMATIC_portrait_FINAL.mp4" "-Aspect" "9x16"
Input video not found: C:\Users\scott\soccer-video\out\autoframe_work\cinematic\001__2025-09-20__TSC_vs_RVFC__SHOT_
_t7320.00-t7860.00.__CINEMATIC\follow\stabilized.mp4
At C:\Users\scott\soccer-video\tools\tsc_brand.ps1:120 char:3
+   throw "Input video not found: $In"
+   ~~~~~~~~~~~~~~~~~~~~~~~~~~~~~~~~~~
    + CategoryInfo          : OperationStopped: (Input video not...\stabilized.mp4:String) [], RuntimeException
    + FullyQualifiedErrorId : Input video not found: C:\Users\scott\soccer-video\out\autoframe_work\cinematic\001_ 
   _2025-09-20__TSC_vs_RVFC__SHOT__t7320.00-t7860.00.__CINEMATIC\follow\stabilized.mp4
 

ExitCode=1
"powershell" "-NoProfile" "-ExecutionPolicy" "Bypass" "-File" "C:\Users\scott\soccer-video\tools\tsc_brand.ps1" "-In" "C:\Users\scott\soccer-video\out\autoframe_work\cinematic\001__2025-09-20__TSC_vs_RVFC__SHOT__t7320.00-t7860.00.__CINEMATIC.__CINEMATIC\follow\stabilized.mp4" "-Out" "C:\Users\scott\soccer-video\out\portrait_reels\clean\001__2025-09-20__TSC_vs_RVFC__SHOT__t7320.00-t7860.00.__CINEMATIC.__CINEMATIC_portrait_FINAL.mp4" "-Aspect" "9x16"
Input video not found: C:\Users\scott\soccer-video\out\autoframe_work\cinematic\001__2025-09-20__TSC_vs_RVFC__SHOT_
_t7320.00-t7860.00.__CINEMATIC.__CINEMATIC\follow\stabilized.mp4
At C:\Users\scott\soccer-video\tools\tsc_brand.ps1:120 char:3
+   throw "Input video not found: $In"
+   ~~~~~~~~~~~~~~~~~~~~~~~~~~~~~~~~~~
    + CategoryInfo          : OperationStopped: (Input video not...\stabilized.mp4:String) [], RuntimeException
    + FullyQualifiedErrorId : Input video not found: C:\Users\scott\soccer-video\out\autoframe_work\cinematic\001_ 
   _2025-09-20__TSC_vs_RVFC__SHOT__t7320.00-t7860.00.__CINEMATIC.__CINEMATIC\follow\stabilized.mp4
 

ExitCode=1
"powershell" "-NoProfile" "-ExecutionPolicy" "Bypass" "-File" "C:\Users\scott\soccer-video\tools\tsc_brand.ps1" "-In" "C:\Users\scott\soccer-video\out\autoframe_work\cinematic\001__SHOT__t155.50-t166.40\follow\stabilized.mp4" "-Out" "C:\Users\scott\soccer-video\out\portrait_reels\clean\001__SHOT__t155.50-t166.40_portrait_FINAL.mp4" "-Aspect" "9x16"
Input video not found: 
C:\Users\scott\soccer-video\out\autoframe_work\cinematic\001__SHOT__t155.50-t166.40\follow\stabilized.mp4
At C:\Users\scott\soccer-video\tools\tsc_brand.ps1:120 char:3
+   throw "Input video not found: $In"
+   ~~~~~~~~~~~~~~~~~~~~~~~~~~~~~~~~~~
    + CategoryInfo          : OperationStopped: (Input video not...\stabilized.mp4:String) [], RuntimeException
    + FullyQualifiedErrorId : Input video not found: C:\Users\scott\soccer-video\out\autoframe_work\cinematic\001_ 
   _SHOT__t155.50-t166.40\follow\stabilized.mp4
 

ExitCode=1
"powershell" "-NoProfile" "-ExecutionPolicy" "Bypass" "-File" "C:\Users\scott\soccer-video\tools\tsc_brand.ps1" "-In" "C:\Users\scott\soccer-video\out\autoframe_work\cinematic\001__SHOT__t155.50-t166.40.__CINEMATIC\follow\stabilized.mp4" "-Out" "C:\Users\scott\soccer-video\out\portrait_reels\clean\001__SHOT__t155.50-t166.40.__CINEMATIC_portrait_FINAL.mp4" "-Aspect" "9x16"
Input video not found: C:\Users\scott\soccer-video\out\autoframe_work\cinematic\001__SHOT__t155.50-t166.40.__CINEMA
TIC\follow\stabilized.mp4
At C:\Users\scott\soccer-video\tools\tsc_brand.ps1:120 char:3
+   throw "Input video not found: $In"
+   ~~~~~~~~~~~~~~~~~~~~~~~~~~~~~~~~~~
    + CategoryInfo          : OperationStopped: (Input video not...\stabilized.mp4:String) [], RuntimeException
    + FullyQualifiedErrorId : Input video not found: C:\Users\scott\soccer-video\out\autoframe_work\cinematic\001_ 
   _SHOT__t155.50-t166.40.__CINEMATIC\follow\stabilized.mp4
 

ExitCode=1
"powershell" "-NoProfile" "-ExecutionPolicy" "Bypass" "-File" "C:\Users\scott\soccer-video\tools\tsc_brand.ps1" "-In" "C:\Users\scott\soccer-video\out\autoframe_work\cinematic\001__SHOT__t155.50-t166.40.__CINEMATIC.__CINEMATIC.__CINEMATIC\follow\stabilized.mp4" "-Out" "C:\Users\scott\soccer-video\out\portrait_reels\clean\001__SHOT__t155.50-t166.40.__CINEMATIC.__CINEMATIC.__CINEMATIC_portrait_FINAL.mp4" "-Aspect" "9x16"
Input video not found: C:\Users\scott\soccer-video\out\autoframe_work\cinematic\001__SHOT__t155.50-t166.40.__CINEMA
TIC.__CINEMATIC.__CINEMATIC\follow\stabilized.mp4
At C:\Users\scott\soccer-video\tools\tsc_brand.ps1:120 char:3
+   throw "Input video not found: $In"
+   ~~~~~~~~~~~~~~~~~~~~~~~~~~~~~~~~~~
    + CategoryInfo          : OperationStopped: (Input video not...\stabilized.mp4:String) [], RuntimeException
    + FullyQualifiedErrorId : Input video not found: C:\Users\scott\soccer-video\out\autoframe_work\cinematic\001_ 
   _SHOT__t155.50-t166.40.__CINEMATIC.__CINEMATIC.__CINEMATIC\follow\stabilized.mp4
 

ExitCode=1
"powershell" "-NoProfile" "-ExecutionPolicy" "Bypass" "-File" "C:\Users\scott\soccer-video\tools\tsc_brand.ps1" "-In" "C:\Users\scott\soccer-video\out\atomic_clips\_quarantine\001__SHOT__t155.50-t166.40.__CINEMATIC.__CINEMATIC.__CINEMATIC.__CINEMATIC.mp4" "-Out" "C:\Users\scott\soccer-video\out\portrait_reels\clean\001__SHOT__t155.50-t166.40.__CINEMATIC.__CINEMATIC.__CINEMATIC.__CINEMATIC_portrait_FINAL.mp4" "-Aspect" "9x16"
